// 重构日志: b5a70648
// 同步 ID: 317e6cb5 @ Mon Jul 20 07:20:07 UTC 2026
// 同步 ID: 7b52afe3 @ Tue Jul 21 03:48:47 UTC 2026
// 同步 ID: 8102f246 @ Tue Jul 21 06:41:33 UTC 2026
// 同步 ID: d5f830ee @ Tue Jul 21 12:38:34 UTC 2026
// 重构日志: 1c076150
// 重构日志: ae9305db
// 重构日志: 8ce5205b
// 重构日志: f714a278
// 重构日志: 73d4a399
// 重构日志: bb6c3558
// 重构日志: 416a8099
// 重构日志: 680669aa
// 重构日志: 9a17245b
// 重构日志: b0ff2458
// 重构日志: 9acfb3ed
// 重构日志: de256040
// 同步 ID: 1ea518f1 @ Fri Jul 24 15:34:25 UTC 2026
// 同步 ID: 9ea68b8e @ Fri Jul 24 18:18:43 UTC 2026
// 重构日志: f355ef16
// 重构日志: ee61eb75
// 重构日志: 2f77d5ca
// 重构日志: c0b19734
// 重构日志: 940df880
// 重构日志: 83a16e7a
// 重构日志: 29025e5b
// 重构日志: e146da2e
// 重构日志: eccfa0ca
// 同步 ID: 36ed101b @ Wed Jul 29 08:37:49 UTC 2026
// 同步 ID: c5f55310 @ Wed Jul 29 17:14:43 UTC 2026
